<html>
<body>
<pre>
<h1>µVision Build Log</h1>
<h2>Tool Versions:</h2>
IDE-Version: •ÏVision V5.28.0.0
Copyright (C) 2019 ARM Ltd and ARM Germany GmbH. All rights reserved.
License Information: Kim Sang Woo, KwangWoon University, LIC=----
 
Tool Versions:
Toolchain:       MDK-Lite  Version: 5.28.0.0
Toolchain Path:  C:\Keil_v5\ARM\ARMCC\Bin
C Compiler:      Armcc.exe V5.06 update 6 (build 750)
Assembler:       Armasm.exe V5.06 update 6 (build 750)
Linker/Locator:  ArmLink.exe V5.06 update 6 (build 750)
Library Manager: ArmAr.exe V5.06 update 6 (build 750)
Hex Converter:   FromElf.exe V5.06 update 6 (build 750)
CPU DLL:         SARM.DLL V5.28.0.0
Dialog DLL:      DARMP3.DLL 
<h2>Project:</h2>
C:\Users\user\Desktop\asemproject\project.uvproj
Project File Date:  11/23/2019

<h2>Output:</h2>
*** Using Compiler 'V5.06 update 6 (build 750)', folder: 'C:\Keil_v5\ARM\ARMCC\Bin'
Build target 'Target 1'
assembling test1.s...
test1.s(162): warning: A1608W: MOV pc,<rn> instruction used, but BX <rn> is preferred
test1.s(348): warning: A1608W: MOV pc,<rn> instruction used, but BX <rn> is preferred
test1.s(357): warning: A1608W: MOV pc,<rn> instruction used, but BX <rn> is preferred
test1.s(364): warning: A1608W: MOV pc,<rn> instruction used, but BX <rn> is preferred
test1.s(375): warning: A1608W: MOV pc,<rn> instruction used, but BX <rn> is preferred
test1.s(380): warning: A1608W: MOV pc,<rn> instruction used, but BX <rn> is preferred
test1.s(383): warning: A1608W: MOV pc,<rn> instruction used, but BX <rn> is preferred
test1.s(438): warning: A1608W: MOV pc,<rn> instruction used, but BX <rn> is preferred
test1.s(443): warning: A1608W: MOV pc,<rn> instruction used, but BX <rn> is preferred
test1.s(446): warning: A1608W: MOV pc,<rn> instruction used, but BX <rn> is preferred
test1.s(565): warning: A1608W: MOV pc,<rn> instruction used, but BX <rn> is preferred
test1.s(573): warning: A1608W: MOV pc,<rn> instruction used, but BX <rn> is preferred
test1.s(577): warning: A1608W: MOV pc,<rn> instruction used, but BX <rn> is preferred
test1.s(616): warning: A1608W: MOV pc,<rn> instruction used, but BX <rn> is preferred
test1.s(643): warning: A1608W: MOV pc,<rn> instruction used, but BX <rn> is preferred
linking...
Program Size: Code=2208 RO-data=0 RW-data=0 ZI-data=0  
".\Objects\project.axf" - 0 Error(s), 15 Warning(s).
Build Time Elapsed:  00:00:00
</pre>
</body>
</html>
